// Jest Snapshot v1, https://goo.gl/fbAQLP

exports[`Gallery.vue should match the snapshot with props passed 1`] = `
<div id="gallery" mockartobjects="[object Object],[object Object]">
  <h1>Gallery</h1>
</div>
`;
