// Jest Snapshot v1, https://goo.gl/fbAQLP

exports[`Header.vue should pass the snapshot with props passed in 1`] = `
<div
  id="header"
>
  <h1>
    Museum
  </h1>
</div>
`;
